  23.文件操作.c
E:\c语言项目存放位置\23.文件操作\23.文件操作\23.文件操作.c(230,5): warning C4273: “fputc”: dll 链接不一致
      E:\Windows Kits\10\Include\10.0.26100.0\ucrt\stdio.h(221,26):
      参见“fputc”的前一个定义
  
E:\c语言项目存放位置\23.文件操作\23.文件操作\23.文件操作.c(280,5): warning C4273: “feof”: dll 链接不一致
      E:\Windows Kits\10\Include\10.0.26100.0\ucrt\stdio.h(166,26):
      参见“feof”的前一个定义
  
E:\c语言项目存放位置\23.文件操作\23.文件操作\23.文件操作.c(281,5): warning C4273: “ferror”: dll 链接不一致
      E:\Windows Kits\10\Include\10.0.26100.0\ucrt\stdio.h(171,26):
      参见“ferror”的前一个定义
  
E:\c语言项目存放位置\23.文件操作\23.文件操作\23.文件操作.c(386,5): warning C4030: 第一个形参表比第二个长
E:\c语言项目存放位置\23.文件操作\23.文件操作\23.文件操作.c(386,5): warning C4028: 形参 1 与声明不一致
E:\c语言项目存放位置\23.文件操作\23.文件操作\23.文件操作.c(386,5): warning C4028: 形参 2 与声明不一致
E:\c语言项目存放位置\23.文件操作\23.文件操作\23.文件操作.c(403,5): warning C4030: 第一个形参表比第二个长
E:\c语言项目存放位置\23.文件操作\23.文件操作\23.文件操作.c(403,5): warning C4028: 形参 1 与声明不一致
E:\c语言项目存放位置\23.文件操作\23.文件操作\23.文件操作.c(403,5): warning C4028: 形参 2 与声明不一致
E:\c语言项目存放位置\23.文件操作\23.文件操作\23.文件操作.c(420,8): warning C4273: “fwrite”: dll 链接不一致
      E:\Windows Kits\10\Include\10.0.26100.0\ucrt\stdio.h(297,29):
      参见“fwrite”的前一个定义
  
E:\c语言项目存放位置\23.文件操作\23.文件操作\23.文件操作.c(439,8): warning C4273: “fread”: dll 链接不一致
      E:\Windows Kits\10\Include\10.0.26100.0\ucrt\stdio.h(239,29):
      参见“fread”的前一个定义
  
  23.文件操作.vcxproj -> E:\c语言项目存放位置\23.文件操作\x64\Debug\23.文件操作.exe
